C251 COMPILER V5.60.0,  globals                                                            10/11/24  18:24:47  PAGE 1   


C251 COMPILER V5.60.0, COMPILATION OF MODULE globals
OBJECT MODULE PLACED IN .\Out_File\globals.obj
COMPILER INVOKED BY: C:\Keil_v5\C251\BIN\C251.EXE ..\..\Libraries\seekfree_peripheral\globals.c XSMALL WARNINGLEVEL(3) O
                    -PTIMIZE(0,SPEED) BROWSE INCDIR(..\..\Libraries\libraries;..\..\Libraries\seekfree_libraries;..\..\Libraries\seekfree_per
                    -ipheral;..\CODE;..\USER\inc;..\USER\src;..\..\Libraries\seekfree_components;..\CODE\UserLibraries) DEBUG PRINT(.\Out_Fil
                    -e\globals.lst) TABS(2) OBJECT(.\Out_File\globals.obj) 

stmt  level    source

    1          #include "headfile.h"
*** ERROR C318 IN LINE 62 OF ..\..\Libraries\seekfree_peripheral\headfile.h: can't open file 'straight.h'
*** ERROR C318 IN LINE 63 OF ..\..\Libraries\seekfree_peripheral\headfile.h: can't open file 'ring.h'
    2          
    3          // 全局变量定义
    4          
    5          extern enum{
    6              Debug,  //调试模式
    7              Wait,
    8              Straight,  //简单巡线
    9              Left_Ring, // 左环
   10              Right_Ring,  // 右环
   11              RoadBloack,
   12              Park
   13          }VehicleFlag;

C251 COMPILATION COMPLETE.  0 WARNING(S),  2 ERROR(S)
